###############################################################################
#
# IAR ELF Linker V9.50.1.380/W64 for ARM                  03/Feb/2024  18:15:43
# Copyright 2007-2023 IAR Systems AB.
#
#    Output file  =
#        C:\efraim-learning-embedded-systems\2-change-flow-of-control\Debug\Exe\project.out
#    Map file     =
#        C:\efraim-learning-embedded-systems\2-change-flow-of-control\Debug\List\project.map
#    Command line =
#        -f
#        C:\efraim-learning-embedded-systems\2-change-flow-of-control\Debug\Exe\project.out.rsp
#        (C:\efraim-learning-embedded-systems\2-change-flow-of-control\Debug\Obj\main.o
#        --no_out_extension -o
#        C:\efraim-learning-embedded-systems\2-change-flow-of-control\Debug\Exe\project.out
#        --redirect _Printf=_PrintfFullNoMb --redirect _Scanf=_ScanfFullNoMb
#        --map
#        C:\efraim-learning-embedded-systems\2-change-flow-of-control\Debug\List\project.map
#        --config "C:\Program Files\IAR Systems\Embedded Workbench
#        9.2\arm/config/linker/TexasInstruments/LM4F120H5QR.icf" --semihosting
#        --entry __iar_program_start --vfe --text_out locale --cpu=Cortex-M4
#        --fpu=VFPv4_sp) --dependencies=n
#        C:\efraim-learning-embedded-systems\2-change-flow-of-control\Debug\Exe\project.out.iar_deps
#
###############################################################################

*******************************************************************************
*** RUNTIME MODEL ATTRIBUTES
***

CppFlavor       = *
__CPP_Runtime   = 1
__SystemLibrary = DLib
__dlib_version  = 6


*******************************************************************************
*** HEAP SELECTION
***

The basic heap was selected because --advanced_heap
was not specified and the application did not appear to
be primarily optimized for speed.


*******************************************************************************
*** PLACEMENT SUMMARY
***

"A0":  place at address 0x0 { ro section .intvec };
"P1":  place in [from 0x0 to 0x3'ffff] { ro };
define block CSTACK with size = 2K, alignment = 8 { };
define block HEAP with size = 8K, alignment = 8 { };
"P2":  place in [from 0x2000'0000 to 0x2000'7fff] {
          rw, block CSTACK, block HEAP };

No sections matched the following patterns:

  rw  in "P2"


  Section   Kind         Address  Aligment   Size  Object
  -------   ----         -------  --------   ----  ------
"A0":                                        0x40
  .intvec   ro code          0x0         4   0x40  vector_table_M.o [4]
                          - 0x40             0x40

"P1":                                        0x94
  .text     ro code         0x40         4   0x22  fpinit_M.o [3]
  .text     ro code         0x62         2    0x2  vectortrap_M.o [4]
  .text     ro code         0x64         4   0x1e  cmain.o [4]
  .text     ro code         0x82         2    0x4  low_level_init.o [2]
  .text     ro code         0x86         2    0xe  main.o [1]
  .text     ro code         0x94         2    0x4  exit.o [2]
  .text     ro code         0x98         4    0xa  cexit.o [4]
  .text     ro code         0xa4         4   0x14  exit.o [5]
  .text     ro code         0xb8         4   0x1c  cstartup_M.o [4]
                          - 0xd4             0x94

"P2":                                       0x800
  CSTACK             0x2000'0000         8  0x800  <Block>
    CSTACK  uninit   0x2000'0000            0x800  <Block tail>
                   - 0x2000'0800            0x800

Unused ranges:

         From           To      Size
         ----           --      ----
         0xd4     0x3'ffff  0x3'ff2c
  0x2000'0800  0x2000'7fff    0x7800



*******************************************************************************
*** MODULE SUMMARY
***

    Module            ro code  rw data
    ------            -------  -------
command line/config:
    ----------------------------------
    Total:

C:\efraim-learning-embedded-systems\2-change-flow-of-control\Debug\Obj: [1]
    main.o                 14
    ----------------------------------
    Total:                 14

dl7M_tln.a: [2]
    exit.o                  4
    low_level_init.o        4
    ----------------------------------
    Total:                  8

m7M_tls.a: [3]
    fpinit_M.o             34
    ----------------------------------
    Total:                 34

rt7M_tl.a: [4]
    cexit.o                10
    cmain.o                30
    cstartup_M.o           28
    vector_table_M.o       64
    vectortrap_M.o          2
    ----------------------------------
    Total:                134

shb_l.a: [5]
    exit.o                 20
    ----------------------------------
    Total:                 20

    Gaps                    2
    Linker created               2'048
--------------------------------------
    Grand Total:          212    2'048


*******************************************************************************
*** ENTRY LIST
***

Entry                     Address  Size  Type      Object
-----                     -------  ----  ----      ------
?main                        0x65        Code  ??  cmain.o [4]
BusFault_Handler             0x63        Code  Wk  vectortrap_M.o [4]
CSTACK$$Base          0x2000'0000         --   Gb  - Linker created -
CSTACK$$Limit         0x2000'0800         --   ??  - Linker created -
DebugMon_Handler             0x63        Code  Wk  vectortrap_M.o [4]
HardFault_Handler            0x63        Code  Wk  vectortrap_M.o [4]
MemManage_Handler            0x63        Code  Wk  vectortrap_M.o [4]
NMI_Handler                  0x63        Code  Wk  vectortrap_M.o [4]
PendSV_Handler               0x63        Code  Wk  vectortrap_M.o [4]
Region$$Table$$Base           0x0         --   ??  - Linker created -
Region$$Table$$Limit          0x0         --   ??  - Linker created -
SVC_Handler                  0x63        Code  Wk  vectortrap_M.o [4]
SysTick_Handler              0x63        Code  Wk  vectortrap_M.o [4]
UsageFault_Handler           0x63        Code  Wk  vectortrap_M.o [4]
__cmain                      0x65        Code  ??  cmain.o [4]
__exit                       0xa5  0x14  Code  ??  exit.o [5]
__iar_init_vfp               0x41        Code  ??  fpinit_M.o [3]
__iar_program_start          0xb9        Code  ??  cstartup_M.o [4]
__low_level_init             0x83   0x4  Code  ??  low_level_init.o [2]
__vector_table                0x0        Data  ??  vector_table_M.o [4]
_call_main                   0x71        Code  ??  cmain.o [4]
_exit                        0x99        Code  ??  cexit.o [4]
exit                         0x95   0x4  Code  ??  exit.o [2]
main                         0x87   0xe  Code  ??  main.o [1]


[1] = C:\efraim-learning-embedded-systems\2-change-flow-of-control\Debug\Obj
[2] = dl7M_tln.a
[3] = m7M_tls.a
[4] = rt7M_tl.a
[5] = shb_l.a

    212 bytes of readonly  code memory
  2'048 bytes of readwrite data memory

Errors: none
Warnings: none
