###############################################################################
#
# IAR ELF Linker V9.50.1.380/W64 for ARM                  03/Feb/2024  22:49:08
# Copyright 2007-2023 IAR Systems AB.
#
#    Output file  =
#        C:\efraim-learning-embedded-systems\3-variables-and-pointers\Debug\Exe\project.out
#    Map file     =
#        C:\efraim-learning-embedded-systems\3-variables-and-pointers\Debug\List\project.map
#    Command line =
#        -f
#        C:\efraim-learning-embedded-systems\3-variables-and-pointers\Debug\Exe\project.out.rsp
#        (C:\efraim-learning-embedded-systems\3-variables-and-pointers\Debug\Obj\main.o
#        --no_out_extension -o
#        C:\efraim-learning-embedded-systems\3-variables-and-pointers\Debug\Exe\project.out
#        --redirect _Printf=_PrintfFullNoMb --redirect _Scanf=_ScanfFullNoMb
#        --map
#        C:\efraim-learning-embedded-systems\3-variables-and-pointers\Debug\List\project.map
#        --config "C:\Program Files\IAR Systems\Embedded Workbench
#        9.2\arm/config/linker/TexasInstruments/LM4F120H5QR.icf" --semihosting
#        --entry __iar_program_start --vfe --text_out locale --cpu=Cortex-M4
#        --fpu=VFPv4_sp) --dependencies=n
#        C:\efraim-learning-embedded-systems\3-variables-and-pointers\Debug\Exe\project.out.iar_deps
#
###############################################################################

*******************************************************************************
*** RUNTIME MODEL ATTRIBUTES
***

CppFlavor       = *
__CPP_Runtime   = 1
__SystemLibrary = DLib
__dlib_version  = 6


*******************************************************************************
*** HEAP SELECTION
***

The basic heap was selected because --advanced_heap
was not specified and the application did not appear to
be primarily optimized for speed.


*******************************************************************************
*** PLACEMENT SUMMARY
***

"A0":  place at address 0x0 { ro section .intvec };
"P1":  place in [from 0x0 to 0x3'ffff] { ro };
define block CSTACK with size = 2K, alignment = 8 { };
define block HEAP with size = 8K, alignment = 8 { };
"P2":  place in [from 0x2000'0000 to 0x2000'7fff] {
          rw, block CSTACK, block HEAP };

  Section          Kind         Address  Aligment   Size  Object
  -------          ----         -------  --------   ----  ------
"A0":                                               0x40
  .intvec          ro code          0x0         4   0x40  vector_table_M.o [4]
                                 - 0x40             0x40

"P1":                                              0x124
  .text            ro code         0x40         2   0x38  zero_init3.o [4]
  .text            ro code         0x78         4   0x2a  data_init.o [4]
  .text            ro code         0xa2         2    0x2  vectortrap_M.o [4]
  .text            ro code         0xa4         4   0x28  main.o [1]
  .text            ro code         0xcc         4   0x22  fpinit_M.o [3]
  .iar.init_table  const           0xf0         4   0x10  - Linker created -
  .text            ro code        0x100         4   0x1e  cmain.o [4]
  .text            ro code        0x11e         2    0x4  low_level_init.o [2]
  .text            ro code        0x122         2    0x4  exit.o [2]
  .text            ro code        0x128         4    0xa  cexit.o [4]
  .text            ro code        0x134         4   0x14  exit.o [5]
  .text            ro code        0x148         4   0x1c  cstartup_M.o [4]
  .rodata          const          0x164              0x0  zero_init3.o [4]
                                - 0x164            0x124

"P2", part 1 of 2:                                   0x4
  .bss             zero     0x2000'0000         4    0x4  main.o [1]
                          - 0x2000'0004              0x4

"P2", part 2 of 2:                                 0x800
  CSTACK                    0x2000'0008         8  0x800  <Block>
    CSTACK         uninit   0x2000'0008            0x800  <Block tail>
                          - 0x2000'0808            0x800

Unused ranges:

         From           To      Size
         ----           --      ----
        0x164     0x3'ffff  0x3'fe9c
  0x2000'0004  0x2000'0007       0x4
  0x2000'0808  0x2000'7fff    0x77f8


*******************************************************************************
*** INIT TABLE
***

          Address      Size
          -------      ----
Zero (__iar_zero_init3)
    1 destination range, total size 0x4:
          0x2000'0000   0x4



*******************************************************************************
*** MODULE SUMMARY
***

    Module            ro code  ro data  rw data
    ------            -------  -------  -------
command line/config:
    -------------------------------------------
    Total:

C:\efraim-learning-embedded-systems\3-variables-and-pointers\Debug\Obj: [1]
    main.o                 40                 4
    -------------------------------------------
    Total:                 40                 4

dl7M_tln.a: [2]
    exit.o                  4
    low_level_init.o        4
    -------------------------------------------
    Total:                  8

m7M_tls.a: [3]
    fpinit_M.o             34
    -------------------------------------------
    Total:                 34

rt7M_tl.a: [4]
    cexit.o                10
    cmain.o                30
    cstartup_M.o           28
    data_init.o            42
    vector_table_M.o       64
    vectortrap_M.o          2
    zero_init3.o           56
    -------------------------------------------
    Total:                232

shb_l.a: [5]
    exit.o                 20
    -------------------------------------------
    Total:                 20

    Gaps                    4        2
    Linker created                  16    2'048
-----------------------------------------------
    Grand Total:          338       18    2'052


*******************************************************************************
*** ENTRY LIST
***

Entry                       Address  Size  Type      Object
-----                       -------  ----  ----      ------
.iar.init_table$$Base          0xf0         --   Gb  - Linker created -
.iar.init_table$$Limit        0x100         --   Gb  - Linker created -
?main                         0x101        Code  ??  cmain.o [4]
BusFault_Handler               0xa3        Code  Wk  vectortrap_M.o [4]
CSTACK$$Base            0x2000'0008         --   Gb  - Linker created -
CSTACK$$Limit           0x2000'0808         --   ??  - Linker created -
DebugMon_Handler               0xa3        Code  Wk  vectortrap_M.o [4]
HardFault_Handler              0xa3        Code  Wk  vectortrap_M.o [4]
MemManage_Handler              0xa3        Code  Wk  vectortrap_M.o [4]
NMI_Handler                    0xa3        Code  Wk  vectortrap_M.o [4]
PendSV_Handler                 0xa3        Code  Wk  vectortrap_M.o [4]
Region$$Table$$Base            0xf0         --   ??  - Linker created -
Region$$Table$$Limit          0x100         --   ??  - Linker created -
SVC_Handler                    0xa3        Code  Wk  vectortrap_M.o [4]
SysTick_Handler                0xa3        Code  Wk  vectortrap_M.o [4]
UsageFault_Handler             0xa3        Code  Wk  vectortrap_M.o [4]
__cmain                       0x101        Code  ??  cmain.o [4]
__exit                        0x135  0x14  Code  ??  exit.o [5]
__iar_data_init3               0x79  0x18  Code  ??  data_init.o [4]
__iar_init_vfp                 0xcd        Code  ??  fpinit_M.o [3]
__iar_program_start           0x149        Code  ??  cstartup_M.o [4]
__iar_zero_init3               0x41  0x38  Code  ??  zero_init3.o [4]
__low_level_init              0x11f   0x4  Code  ??  low_level_init.o [2]
__vector_table                  0x0        Data  ??  vector_table_M.o [4]
_call_main                    0x10d        Code  ??  cmain.o [4]
_exit                         0x129        Code  ??  cexit.o [4]
counter                 0x2000'0000   0x4  Data  ??  main.o [1]
exit                          0x123   0x4  Code  ??  exit.o [2]
main                           0xa5  0x28  Code  ??  main.o [1]


[1] = C:\efraim-learning-embedded-systems\3-variables-and-pointers\Debug\Obj
[2] = dl7M_tln.a
[3] = m7M_tls.a
[4] = rt7M_tl.a
[5] = shb_l.a

    338 bytes of readonly  code memory
     18 bytes of readonly  data memory
  2'052 bytes of readwrite data memory

Errors: none
Warnings: none
